Component: ARM Compiler 5.05 update 2 (build 169) Tool: armlink [4d0f33]

==============================================================================

Section Cross References

    startup_stm32f10x_hd.o(RESET) refers to startup_stm32f10x_hd.o(STACK) for __initial_sp
    startup_stm32f10x_hd.o(RESET) refers to startup_stm32f10x_hd.o(.text) for Reset_Handler
    startup_stm32f10x_hd.o(RESET) refers to stm32f10x_it.o(.text) for NMI_Handler
    startup_stm32f10x_hd.o(.text) refers to system_stm32f10x.o(.text) for SystemInit
    startup_stm32f10x_hd.o(.text) refers to entry.o(.ARM.Collect$$$$00000000) for __main
    main.o(.text) refers to stm32f10x_usart.o(.text) for USART_SendData
    main.o(.text) refers to misc.o(.text) for NVIC_PriorityGroupConfig
    main.o(.text) refers to stm32f10x_gpio.o(.text) for GPIO_Init
    main.o(.text) refers to system_stm32f10x.o(.text) for SystemInit
    main.o(.text) refers to stm32f10x_rcc.o(.text) for RCC_APB2PeriphClockCmd
    main.o(.text) refers to imu.o(.text) for usart2_init
    main.o(.text) refers to step_motor.o(.text) for motor_init
    main.o(.text) refers to bsp_spi_nrf.o(.text) for SPI_NRF_Init
    main.o(.text) refers to bsp_car.o(.text) for Car_GPIO_Config
    main.o(.text) refers to printfa.o(i.__0printf) for __2printf
    main.o(.text) refers to pbdata.o(.text) for delay_ms
    main.o(.text) refers to fadd.o(.text) for __aeabi_fadd
    main.o(.text) refers to f2d.o(.text) for __aeabi_f2d
    main.o(.text) refers to cfrcmple.o(.text) for __aeabi_cfrcmple
    main.o(.text) refers to dmul.o(.text) for __aeabi_dmul
    main.o(.text) refers to d2f.o(.text) for __aeabi_d2f
    main.o(.text) refers to fmul.o(.text) for __aeabi_fmul
    main.o(.text) refers to main.o(.data) for status
    main.o(.text) refers to imu.o(.data) for yaw
    pbdata.o(.text) refers to stm32f10x_rcc.o(.text) for RCC_DeInit
    stm32f10x_it.o(.text) refers to stm32f10x_usart.o(.text) for USART_GetITStatus
    stm32f10x_it.o(.text) refers to imu.o(.text) for Decode_frame
    imu.o(.text) refers to stm32f10x_rcc.o(.text) for RCC_APB1PeriphClockCmd
    imu.o(.text) refers to stm32f10x_gpio.o(.text) for GPIO_Init
    imu.o(.text) refers to misc.o(.text) for NVIC_PriorityGroupConfig
    imu.o(.text) refers to stm32f10x_usart.o(.text) for USART_Init
    imu.o(.text) refers to fflti.o(.text) for __aeabi_i2f
    imu.o(.text) refers to fdiv.o(.text) for __aeabi_fdiv
    imu.o(.text) refers to fmul.o(.text) for __aeabi_fmul
    imu.o(.text) refers to imu.o(.bss) for rx_buffer
    imu.o(.text) refers to imu.o(.data) for yaw
    step_motor.o(.text) refers to stm32f10x_rcc.o(.text) for RCC_APB2PeriphClockCmd
    step_motor.o(.text) refers to stm32f10x_gpio.o(.text) for GPIO_Init
    step_motor.o(.text) refers to pbdata.o(.text) for delay_ms
    step_motor.o(.text) refers to fflti.o(.text) for __aeabi_i2f
    step_motor.o(.text) refers to cfcmple.o(.text) for __aeabi_cfcmple
    bsp_spi_nrf.o(.text) refers to stm32f10x_rcc.o(.text) for RCC_APB2PeriphClockCmd
    bsp_spi_nrf.o(.text) refers to stm32f10x_gpio.o(.text) for GPIO_Init
    bsp_spi_nrf.o(.text) refers to stm32f10x_spi_1.o(.text) for SPI_Init
    bsp_spi_nrf.o(.text) refers to pbdata.o(.text) for delay_ms
    bsp_spi_nrf.o(.text) refers to bsp_spi_nrf.o(.data) for RX_ADDRESS
    bsp_car.o(.text) refers to stm32f10x_rcc.o(.text) for RCC_APB2PeriphClockCmd
    bsp_car.o(.text) refers to stm32f10x_gpio.o(.text) for GPIO_Init
    stm32f10x_gpio.o(.text) refers to stm32f10x_rcc.o(.text) for RCC_APB2PeriphResetCmd
    stm32f10x_rcc.o(.text) refers to stm32f10x_rcc.o(.data) for APBAHBPrescTable
    stm32f10x_tim.o(.text) refers to stm32f10x_rcc.o(.text) for RCC_APB2PeriphResetCmd
    stm32f10x_usart.o(.text) refers to stm32f10x_rcc.o(.text) for RCC_APB2PeriphResetCmd
    stm32f10x_spi_1.o(.text) refers to stm32f10x_rcc.o(.text) for RCC_APB2PeriphResetCmd
    system_stm32f10x.o(.text) refers to system_stm32f10x.o(.data) for SystemCoreClock
    entry.o(.ARM.Collect$$$$00000000) refers (Special) to entry10a.o(.ARM.Collect$$$$0000000D) for __rt_final_cpp
    entry.o(.ARM.Collect$$$$00000000) refers (Special) to entry11a.o(.ARM.Collect$$$$0000000F) for __rt_final_exit
    entry.o(.ARM.Collect$$$$00000000) refers (Special) to entry7b.o(.ARM.Collect$$$$00000008) for _main_clock
    entry.o(.ARM.Collect$$$$00000000) refers (Special) to entry8b.o(.ARM.Collect$$$$0000000A) for _main_cpp_init
    entry.o(.ARM.Collect$$$$00000000) refers (Special) to entry9a.o(.ARM.Collect$$$$0000000B) for _main_init
    entry.o(.ARM.Collect$$$$00000000) refers (Special) to entry5.o(.ARM.Collect$$$$00000004) for _main_scatterload
    entry.o(.ARM.Collect$$$$00000000) refers (Special) to entry2.o(.ARM.Collect$$$$00000001) for _main_stk
    printfb.o(i.__0fprintf$bare) refers to printfb.o(i._printf_core) for _printf_core
    printfb.o(i.__0fprintf$bare) refers to main.o(.text) for fputc
    printfb.o(i.__0printf$bare) refers to printfb.o(i._printf_core) for _printf_core
    printfb.o(i.__0printf$bare) refers to main.o(.text) for fputc
    printfb.o(i.__0printf$bare) refers to stdout.o(.data) for __stdout
    printfb.o(i.__0snprintf$bare) refers to printfb.o(i._printf_core) for _printf_core
    printfb.o(i.__0snprintf$bare) refers to printfb.o(i._snputc) for _snputc
    printfb.o(i.__0sprintf$bare) refers to printfb.o(i._printf_core) for _printf_core
    printfb.o(i.__0sprintf$bare) refers to printfb.o(i._sputc) for _sputc
    printfb.o(i.__0vfprintf$bare) refers to printfb.o(i._printf_core) for _printf_core
    printfb.o(i.__0vfprintf$bare) refers to main.o(.text) for fputc
    printfb.o(i.__0vprintf$bare) refers to printfb.o(i._printf_core) for _printf_core
    printfb.o(i.__0vprintf$bare) refers to main.o(.text) for fputc
    printfb.o(i.__0vprintf$bare) refers to stdout.o(.data) for __stdout
    printfb.o(i.__0vsnprintf$bare) refers to printfb.o(i._printf_core) for _printf_core
    printfb.o(i.__0vsnprintf$bare) refers to printfb.o(i._snputc) for _snputc
    printfb.o(i.__0vsprintf$bare) refers to printfb.o(i._printf_core) for _printf_core
    printfb.o(i.__0vsprintf$bare) refers to printfb.o(i._sputc) for _sputc
    printf0.o(i.__0fprintf$0) refers to printf0.o(i._printf_core) for _printf_core
    printf0.o(i.__0fprintf$0) refers to main.o(.text) for fputc
    printf0.o(i.__0printf$0) refers to printf0.o(i._printf_core) for _printf_core
    printf0.o(i.__0printf$0) refers to main.o(.text) for fputc
    printf0.o(i.__0printf$0) refers to stdout.o(.data) for __stdout
    printf0.o(i.__0snprintf$0) refers to printf0.o(i._printf_core) for _printf_core
    printf0.o(i.__0snprintf$0) refers to printf0.o(i._snputc) for _snputc
    printf0.o(i.__0sprintf$0) refers to printf0.o(i._printf_core) for _printf_core
    printf0.o(i.__0sprintf$0) refers to printf0.o(i._sputc) for _sputc
    printf0.o(i.__0vfprintf$0) refers to printf0.o(i._printf_core) for _printf_core
    printf0.o(i.__0vfprintf$0) refers to main.o(.text) for fputc
    printf0.o(i.__0vprintf$0) refers to printf0.o(i._printf_core) for _printf_core
    printf0.o(i.__0vprintf$0) refers to main.o(.text) for fputc
    printf0.o(i.__0vprintf$0) refers to stdout.o(.data) for __stdout
    printf0.o(i.__0vsnprintf$0) refers to printf0.o(i._printf_core) for _printf_core
    printf0.o(i.__0vsnprintf$0) refers to printf0.o(i._snputc) for _snputc
    printf0.o(i.__0vsprintf$0) refers to printf0.o(i._printf_core) for _printf_core
    printf0.o(i.__0vsprintf$0) refers to printf0.o(i._sputc) for _sputc
    printf1.o(i.__0fprintf$1) refers to printf1.o(i._printf_core) for _printf_core
    printf1.o(i.__0fprintf$1) refers to main.o(.text) for fputc
    printf1.o(i.__0printf$1) refers to printf1.o(i._printf_core) for _printf_core
    printf1.o(i.__0printf$1) refers to main.o(.text) for fputc
    printf1.o(i.__0printf$1) refers to stdout.o(.data) for __stdout
    printf1.o(i.__0snprintf$1) refers to printf1.o(i._printf_core) for _printf_core
    printf1.o(i.__0snprintf$1) refers to printf1.o(i._snputc) for _snputc
    printf1.o(i.__0sprintf$1) refers to printf1.o(i._printf_core) for _printf_core
    printf1.o(i.__0sprintf$1) refers to printf1.o(i._sputc) for _sputc
    printf1.o(i.__0vfprintf$1) refers to printf1.o(i._printf_core) for _printf_core
    printf1.o(i.__0vfprintf$1) refers to main.o(.text) for fputc
    printf1.o(i.__0vprintf$1) refers to printf1.o(i._printf_core) for _printf_core
    printf1.o(i.__0vprintf$1) refers to main.o(.text) for fputc
    printf1.o(i.__0vprintf$1) refers to stdout.o(.data) for __stdout
    printf1.o(i.__0vsnprintf$1) refers to printf1.o(i._printf_core) for _printf_core
    printf1.o(i.__0vsnprintf$1) refers to printf1.o(i._snputc) for _snputc
    printf1.o(i.__0vsprintf$1) refers to printf1.o(i._printf_core) for _printf_core
    printf1.o(i.__0vsprintf$1) refers to printf1.o(i._sputc) for _sputc
    printf1.o(i._printf_core) refers to uidiv.o(.text) for __aeabi_uidivmod
    printf2.o(i.__0fprintf$2) refers to printf2.o(i._printf_core) for _printf_core
    printf2.o(i.__0fprintf$2) refers to main.o(.text) for fputc
    printf2.o(i.__0printf$2) refers to printf2.o(i._printf_core) for _printf_core
    printf2.o(i.__0printf$2) refers to main.o(.text) for fputc
    printf2.o(i.__0printf$2) refers to stdout.o(.data) for __stdout
    printf2.o(i.__0snprintf$2) refers to printf2.o(i._printf_core) for _printf_core
    printf2.o(i.__0snprintf$2) refers to printf2.o(i._snputc) for _snputc
    printf2.o(i.__0sprintf$2) refers to printf2.o(i._printf_core) for _printf_core
    printf2.o(i.__0sprintf$2) refers to printf2.o(i._sputc) for _sputc
    printf2.o(i.__0vfprintf$2) refers to printf2.o(i._printf_core) for _printf_core
    printf2.o(i.__0vfprintf$2) refers to main.o(.text) for fputc
    printf2.o(i.__0vprintf$2) refers to printf2.o(i._printf_core) for _printf_core
    printf2.o(i.__0vprintf$2) refers to main.o(.text) for fputc
    printf2.o(i.__0vprintf$2) refers to stdout.o(.data) for __stdout
    printf2.o(i.__0vsnprintf$2) refers to printf2.o(i._printf_core) for _printf_core
    printf2.o(i.__0vsnprintf$2) refers to printf2.o(i._snputc) for _snputc
    printf2.o(i.__0vsprintf$2) refers to printf2.o(i._printf_core) for _printf_core
    printf2.o(i.__0vsprintf$2) refers to printf2.o(i._sputc) for _sputc
    printf3.o(i.__0fprintf$3) refers to printf3.o(i._printf_core) for _printf_core
    printf3.o(i.__0fprintf$3) refers to main.o(.text) for fputc
    printf3.o(i.__0printf$3) refers to printf3.o(i._printf_core) for _printf_core
    printf3.o(i.__0printf$3) refers to main.o(.text) for fputc
    printf3.o(i.__0printf$3) refers to stdout.o(.data) for __stdout
    printf3.o(i.__0snprintf$3) refers to printf3.o(i._printf_core) for _printf_core
    printf3.o(i.__0snprintf$3) refers to printf3.o(i._snputc) for _snputc
    printf3.o(i.__0sprintf$3) refers to printf3.o(i._printf_core) for _printf_core
    printf3.o(i.__0sprintf$3) refers to printf3.o(i._sputc) for _sputc
    printf3.o(i.__0vfprintf$3) refers to printf3.o(i._printf_core) for _printf_core
    printf3.o(i.__0vfprintf$3) refers to main.o(.text) for fputc
    printf3.o(i.__0vprintf$3) refers to printf3.o(i._printf_core) for _printf_core
    printf3.o(i.__0vprintf$3) refers to main.o(.text) for fputc
    printf3.o(i.__0vprintf$3) refers to stdout.o(.data) for __stdout
    printf3.o(i.__0vsnprintf$3) refers to printf3.o(i._printf_core) for _printf_core
    printf3.o(i.__0vsnprintf$3) refers to printf3.o(i._snputc) for _snputc
    printf3.o(i.__0vsprintf$3) refers to printf3.o(i._printf_core) for _printf_core
    printf3.o(i.__0vsprintf$3) refers to printf3.o(i._sputc) for _sputc
    printf3.o(i._printf_core) refers to uidiv.o(.text) for __aeabi_uidivmod
    printf4.o(i.__0fprintf$4) refers to printf4.o(i._printf_core) for _printf_core
    printf4.o(i.__0fprintf$4) refers to main.o(.text) for fputc
    printf4.o(i.__0printf$4) refers to printf4.o(i._printf_core) for _printf_core
    printf4.o(i.__0printf$4) refers to main.o(.text) for fputc
    printf4.o(i.__0printf$4) refers to stdout.o(.data) for __stdout
    printf4.o(i.__0snprintf$4) refers to printf4.o(i._printf_core) for _printf_core
    printf4.o(i.__0snprintf$4) refers to printf4.o(i._snputc) for _snputc
    printf4.o(i.__0sprintf$4) refers to printf4.o(i._printf_core) for _printf_core
    printf4.o(i.__0sprintf$4) refers to printf4.o(i._sputc) for _sputc
    printf4.o(i.__0vfprintf$4) refers to printf4.o(i._printf_core) for _printf_core
    printf4.o(i.__0vfprintf$4) refers to main.o(.text) for fputc
    printf4.o(i.__0vprintf$4) refers to printf4.o(i._printf_core) for _printf_core
    printf4.o(i.__0vprintf$4) refers to main.o(.text) for fputc
    printf4.o(i.__0vprintf$4) refers to stdout.o(.data) for __stdout
    printf4.o(i.__0vsnprintf$4) refers to printf4.o(i._printf_core) for _printf_core
    printf4.o(i.__0vsnprintf$4) refers to printf4.o(i._snputc) for _snputc
    printf4.o(i.__0vsprintf$4) refers to printf4.o(i._printf_core) for _printf_core
    printf4.o(i.__0vsprintf$4) refers to printf4.o(i._sputc) for _sputc
    printf4.o(i._printf_core) refers to uldiv.o(.text) for __aeabi_uldivmod
    printf5.o(i.__0fprintf$5) refers to printf5.o(i._printf_core) for _printf_core
    printf5.o(i.__0fprintf$5) refers to main.o(.text) for fputc
    printf5.o(i.__0printf$5) refers to printf5.o(i._printf_core) for _printf_core
    printf5.o(i.__0printf$5) refers to main.o(.text) for fputc
    printf5.o(i.__0printf$5) refers to stdout.o(.data) for __stdout
    printf5.o(i.__0snprintf$5) refers to printf5.o(i._printf_core) for _printf_core
    printf5.o(i.__0snprintf$5) refers to printf5.o(i._snputc) for _snputc
    printf5.o(i.__0sprintf$5) refers to printf5.o(i._printf_core) for _printf_core
    printf5.o(i.__0sprintf$5) refers to printf5.o(i._sputc) for _sputc
    printf5.o(i.__0vfprintf$5) refers to printf5.o(i._printf_core) for _printf_core
    printf5.o(i.__0vfprintf$5) refers to main.o(.text) for fputc
    printf5.o(i.__0vprintf$5) refers to printf5.o(i._printf_core) for _printf_core
    printf5.o(i.__0vprintf$5) refers to main.o(.text) for fputc
    printf5.o(i.__0vprintf$5) refers to stdout.o(.data) for __stdout
    printf5.o(i.__0vsnprintf$5) refers to printf5.o(i._printf_core) for _printf_core
    printf5.o(i.__0vsnprintf$5) refers to printf5.o(i._snputc) for _snputc
    printf5.o(i.__0vsprintf$5) refers to printf5.o(i._printf_core) for _printf_core
    printf5.o(i.__0vsprintf$5) refers to printf5.o(i._sputc) for _sputc
    printf5.o(i._printf_core) refers to uldiv.o(.text) for __aeabi_uldivmod
    printf6.o(i.__0fprintf$6) refers to printf6.o(i._printf_core) for _printf_core
    printf6.o(i.__0fprintf$6) refers to main.o(.text) for fputc
    printf6.o(i.__0printf$6) refers to printf6.o(i._printf_core) for _printf_core
    printf6.o(i.__0printf$6) refers to main.o(.text) for fputc
    printf6.o(i.__0printf$6) refers to stdout.o(.data) for __stdout
    printf6.o(i.__0snprintf$6) refers to printf6.o(i._printf_core) for _printf_core
    printf6.o(i.__0snprintf$6) refers to printf6.o(i._snputc) for _snputc
    printf6.o(i.__0sprintf$6) refers to printf6.o(i._printf_core) for _printf_core
    printf6.o(i.__0sprintf$6) refers to printf6.o(i._sputc) for _sputc
    printf6.o(i.__0vfprintf$6) refers to printf6.o(i._printf_core) for _printf_core
    printf6.o(i.__0vfprintf$6) refers to main.o(.text) for fputc
    printf6.o(i.__0vprintf$6) refers to printf6.o(i._printf_core) for _printf_core
    printf6.o(i.__0vprintf$6) refers to main.o(.text) for fputc
    printf6.o(i.__0vprintf$6) refers to stdout.o(.data) for __stdout
    printf6.o(i.__0vsnprintf$6) refers to printf6.o(i._printf_core) for _printf_core
    printf6.o(i.__0vsnprintf$6) refers to printf6.o(i._snputc) for _snputc
    printf6.o(i.__0vsprintf$6) refers to printf6.o(i._printf_core) for _printf_core
    printf6.o(i.__0vsprintf$6) refers to printf6.o(i._sputc) for _sputc
    printf6.o(i._printf_core) refers to printf6.o(i._printf_pre_padding) for _printf_pre_padding
    printf6.o(i._printf_core) refers to uidiv.o(.text) for __aeabi_uidivmod
    printf6.o(i._printf_core) refers to printf6.o(i._printf_post_padding) for _printf_post_padding
    printf7.o(i.__0fprintf$7) refers to printf7.o(i._printf_core) for _printf_core
    printf7.o(i.__0fprintf$7) refers to main.o(.text) for fputc
    printf7.o(i.__0printf$7) refers to printf7.o(i._printf_core) for _printf_core
    printf7.o(i.__0printf$7) refers to main.o(.text) for fputc
    printf7.o(i.__0printf$7) refers to stdout.o(.data) for __stdout
    printf7.o(i.__0snprintf$7) refers to printf7.o(i._printf_core) for _printf_core
    printf7.o(i.__0snprintf$7) refers to printf7.o(i._snputc) for _snputc
    printf7.o(i.__0sprintf$7) refers to printf7.o(i._printf_core) for _printf_core
    printf7.o(i.__0sprintf$7) refers to printf7.o(i._sputc) for _sputc
    printf7.o(i.__0vfprintf$7) refers to printf7.o(i._printf_core) for _printf_core
    printf7.o(i.__0vfprintf$7) refers to main.o(.text) for fputc
    printf7.o(i.__0vprintf$7) refers to printf7.o(i._printf_core) for _printf_core
    printf7.o(i.__0vprintf$7) refers to main.o(.text) for fputc
    printf7.o(i.__0vprintf$7) refers to stdout.o(.data) for __stdout
    printf7.o(i.__0vsnprintf$7) refers to printf7.o(i._printf_core) for _printf_core
    printf7.o(i.__0vsnprintf$7) refers to printf7.o(i._snputc) for _snputc
    printf7.o(i.__0vsprintf$7) refers to printf7.o(i._printf_core) for _printf_core
    printf7.o(i.__0vsprintf$7) refers to printf7.o(i._sputc) for _sputc
    printf7.o(i._printf_core) refers to printf7.o(i._printf_pre_padding) for _printf_pre_padding
    printf7.o(i._printf_core) refers to uldiv.o(.text) for __aeabi_uldivmod
    printf7.o(i._printf_core) refers to printf7.o(i._printf_post_padding) for _printf_post_padding
    printf8.o(i.__0fprintf$8) refers to printf8.o(i._printf_core) for _printf_core
    printf8.o(i.__0fprintf$8) refers to main.o(.text) for fputc
    printf8.o(i.__0printf$8) refers to printf8.o(i._printf_core) for _printf_core
    printf8.o(i.__0printf$8) refers to main.o(.text) for fputc
    printf8.o(i.__0printf$8) refers to stdout.o(.data) for __stdout
    printf8.o(i.__0snprintf$8) refers to printf8.o(i._printf_core) for _printf_core
    printf8.o(i.__0snprintf$8) refers to printf8.o(i._snputc) for _snputc
    printf8.o(i.__0sprintf$8) refers to printf8.o(i._printf_core) for _printf_core
    printf8.o(i.__0sprintf$8) refers to printf8.o(i._sputc) for _sputc
    printf8.o(i.__0vfprintf$8) refers to printf8.o(i._printf_core) for _printf_core
    printf8.o(i.__0vfprintf$8) refers to main.o(.text) for fputc
    printf8.o(i.__0vprintf$8) refers to printf8.o(i._printf_core) for _printf_core
    printf8.o(i.__0vprintf$8) refers to main.o(.text) for fputc
    printf8.o(i.__0vprintf$8) refers to stdout.o(.data) for __stdout
    printf8.o(i.__0vsnprintf$8) refers to printf8.o(i._printf_core) for _printf_core
    printf8.o(i.__0vsnprintf$8) refers to printf8.o(i._snputc) for _snputc
    printf8.o(i.__0vsprintf$8) refers to printf8.o(i._printf_core) for _printf_core
    printf8.o(i.__0vsprintf$8) refers to printf8.o(i._sputc) for _sputc
    printf8.o(i._printf_core) refers to printf8.o(i._printf_pre_padding) for _printf_pre_padding
    printf8.o(i._printf_core) refers to uldiv.o(.text) for __aeabi_uldivmod
    printf8.o(i._printf_core) refers to printf8.o(i._printf_post_padding) for _printf_post_padding
    printfa.o(i.__0fprintf) refers (Special) to iusefp.o(.text) for __I$use$fp
    printfa.o(i.__0fprintf) refers to printfa.o(i._printf_core) for _printf_core
    printfa.o(i.__0fprintf) refers to main.o(.text) for fputc
    printfa.o(i.__0printf) refers (Special) to iusefp.o(.text) for __I$use$fp
    printfa.o(i.__0printf) refers to printfa.o(i._printf_core) for _printf_core
    printfa.o(i.__0printf) refers to main.o(.text) for fputc
    printfa.o(i.__0printf) refers to stdout.o(.data) for __stdout
    printfa.o(i.__0snprintf) refers (Special) to iusefp.o(.text) for __I$use$fp
    printfa.o(i.__0snprintf) refers to printfa.o(i._printf_core) for _printf_core
    printfa.o(i.__0snprintf) refers to printfa.o(i._snputc) for _snputc
    printfa.o(i.__0sprintf) refers (Special) to iusefp.o(.text) for __I$use$fp
    printfa.o(i.__0sprintf) refers to printfa.o(i._printf_core) for _printf_core
    printfa.o(i.__0sprintf) refers to printfa.o(i._sputc) for _sputc
    printfa.o(i.__0vfprintf) refers (Special) to iusefp.o(.text) for __I$use$fp
    printfa.o(i.__0vfprintf) refers to printfa.o(i._printf_core) for _printf_core
    printfa.o(i.__0vfprintf) refers to main.o(.text) for fputc
    printfa.o(i.__0vprintf) refers (Special) to iusefp.o(.text) for __I$use$fp
    printfa.o(i.__0vprintf) refers to printfa.o(i._printf_core) for _printf_core
    printfa.o(i.__0vprintf) refers to main.o(.text) for fputc
    printfa.o(i.__0vprintf) refers to stdout.o(.data) for __stdout
    printfa.o(i.__0vsnprintf) refers (Special) to iusefp.o(.text) for __I$use$fp
    printfa.o(i.__0vsnprintf) refers to printfa.o(i._printf_core) for _printf_core
    printfa.o(i.__0vsnprintf) refers to printfa.o(i._snputc) for _snputc
    printfa.o(i.__0vsprintf) refers (Special) to iusefp.o(.text) for __I$use$fp
    printfa.o(i.__0vsprintf) refers to printfa.o(i._printf_core) for _printf_core
    printfa.o(i.__0vsprintf) refers to printfa.o(i._sputc) for _sputc
    printfa.o(i._fp_digits) refers (Special) to iusefp.o(.text) for __I$use$fp
    printfa.o(i._fp_digits) refers to dmul.o(.text) for __aeabi_dmul
    printfa.o(i._fp_digits) refers to ddiv.o(.text) for __aeabi_ddiv
    printfa.o(i._fp_digits) refers to cdrcmple.o(.text) for __aeabi_cdrcmple
    printfa.o(i._fp_digits) refers to dadd.o(.text) for __aeabi_dadd
    printfa.o(i._fp_digits) refers to dfixul.o(.text) for __aeabi_d2ulz
    printfa.o(i._fp_digits) refers to uldiv.o(.text) for __aeabi_uldivmod
    printfa.o(i._printf_core) refers (Special) to iusefp.o(.text) for __I$use$fp
    printfa.o(i._printf_core) refers to printfa.o(i._printf_pre_padding) for _printf_pre_padding
    printfa.o(i._printf_core) refers to uldiv.o(.text) for __aeabi_uldivmod
    printfa.o(i._printf_core) refers to printfa.o(i._printf_post_padding) for _printf_post_padding
    printfa.o(i._printf_core) refers to printfa.o(i._fp_digits) for _fp_digits
    printfa.o(i._printf_core) refers to uidiv.o(.text) for __aeabi_uidivmod
    printfa.o(i._printf_post_padding) refers (Special) to iusefp.o(.text) for __I$use$fp
    printfa.o(i._printf_pre_padding) refers (Special) to iusefp.o(.text) for __I$use$fp
    printfa.o(i._snputc) refers (Special) to iusefp.o(.text) for __I$use$fp
    printfa.o(i._sputc) refers (Special) to iusefp.o(.text) for __I$use$fp
    fadd.o(.text) refers (Special) to iusefp.o(.text) for __I$use$fp
    fadd.o(.text) refers to fepilogue.o(.text) for _float_epilogue
    fmul.o(.text) refers (Special) to iusefp.o(.text) for __I$use$fp
    fdiv.o(.text) refers (Special) to iusefp.o(.text) for __I$use$fp
    fdiv.o(.text) refers to fepilogue.o(.text) for _float_round
    dmul.o(.text) refers (Special) to iusefp.o(.text) for __I$use$fp
    dmul.o(.text) refers to depilogue.o(.text) for _double_epilogue
    fflti.o(.text) refers (Special) to iusefp.o(.text) for __I$use$fp
    fflti.o(.text) refers to fepilogue.o(.text) for _float_epilogue
    f2d.o(.text) refers (Special) to iusefp.o(.text) for __I$use$fp
    d2f.o(.text) refers (Special) to iusefp.o(.text) for __I$use$fp
    d2f.o(.text) refers to fepilogue.o(.text) for _float_round
    cfcmple.o(.text) refers (Special) to iusefp.o(.text) for __I$use$fp
    cfrcmple.o(.text) refers (Special) to iusefp.o(.text) for __I$use$fp
    entry2.o(.ARM.Collect$$$$00000001) refers to entry2.o(.ARM.Collect$$$$00002712) for __lit__00000000
    entry2.o(.ARM.Collect$$$$00002712) refers to startup_stm32f10x_hd.o(STACK) for __initial_sp
    entry2.o(__vectab_stack_and_reset_area) refers to startup_stm32f10x_hd.o(STACK) for __initial_sp
    entry2.o(__vectab_stack_and_reset_area) refers to entry.o(.ARM.Collect$$$$00000000) for __main
    entry5.o(.ARM.Collect$$$$00000004) refers to init.o(.text) for __scatterload
    entry9a.o(.ARM.Collect$$$$0000000B) refers to main.o(.text) for main
    entry9b.o(.ARM.Collect$$$$0000000C) refers to main.o(.text) for main
    uldiv.o(.text) refers to llushr.o(.text) for __aeabi_llsr
    uldiv.o(.text) refers to llshl.o(.text) for __aeabi_llsl
    depilogue.o(.text) refers to llshl.o(.text) for __aeabi_llsl
    depilogue.o(.text) refers to llushr.o(.text) for __aeabi_llsr
    dadd.o(.text) refers to llshl.o(.text) for __aeabi_llsl
    dadd.o(.text) refers to llsshr.o(.text) for __aeabi_lasr
    dadd.o(.text) refers to depilogue.o(.text) for _double_epilogue
    ddiv.o(.text) refers to depilogue.o(.text) for _double_round
    dfixul.o(.text) refers to llushr.o(.text) for __aeabi_llsr
    dfixul.o(.text) refers to llshl.o(.text) for __aeabi_llsl
    init.o(.text) refers to entry5.o(.ARM.Collect$$$$00000004) for __main_after_scatterload


==============================================================================

Removing Unused input sections from the image.

    Removing startup_stm32f10x_hd.o(HEAP), (512 bytes).
    Removing pbdata.o(.data), (1 bytes).
    Removing stm32f10x_exti.o(.text), (284 bytes).
    Removing stm32f10x_tim.o(.text), (3610 bytes).
    Removing core_cm3.o(.emb_text), (32 bytes).

5 unused section(s) (total 4439 bytes) removed from the image.

==============================================================================

Image Symbol Table

    Local Symbols

    Symbol Name                              Value     Ov Type        Size  Object(Section)

    ../clib/microlib/division.c              0x00000000   Number         0  uldiv.o ABSOLUTE
    ../clib/microlib/division.c              0x00000000   Number         0  uidiv.o ABSOLUTE
    ../clib/microlib/init/entry.s            0x00000000   Number         0  entry9a.o ABSOLUTE
    ../clib/microlib/init/entry.s            0x00000000   Number         0  entry2.o ABSOLUTE
    ../clib/microlib/init/entry.s            0x00000000   Number         0  entry9b.o ABSOLUTE
    ../clib/microlib/init/entry.s            0x00000000   Number         0  entry5.o ABSOLUTE
    ../clib/microlib/init/entry.s            0x00000000   Number         0  entry11b.o ABSOLUTE
    ../clib/microlib/init/entry.s            0x00000000   Number         0  entry11a.o ABSOLUTE
    ../clib/microlib/init/entry.s            0x00000000   Number         0  entry.o ABSOLUTE
    ../clib/microlib/init/entry.s            0x00000000   Number         0  entry10b.o ABSOLUTE
    ../clib/microlib/init/entry.s            0x00000000   Number         0  entry10a.o ABSOLUTE
    ../clib/microlib/init/entry.s            0x00000000   Number         0  entry7a.o ABSOLUTE
    ../clib/microlib/init/entry.s            0x00000000   Number         0  entry7b.o ABSOLUTE
    ../clib/microlib/init/entry.s            0x00000000   Number         0  entry8a.o ABSOLUTE
    ../clib/microlib/init/entry.s            0x00000000   Number         0  entry8b.o ABSOLUTE
    ../clib/microlib/longlong.c              0x00000000   Number         0  llshl.o ABSOLUTE
    ../clib/microlib/longlong.c              0x00000000   Number         0  llushr.o ABSOLUTE
    ../clib/microlib/longlong.c              0x00000000   Number         0  llsshr.o ABSOLUTE
    ../clib/microlib/printf/printf.c         0x00000000   Number         0  printf7.o ABSOLUTE
    ../clib/microlib/printf/printf.c         0x00000000   Number         0  printf8.o ABSOLUTE
    ../clib/microlib/printf/printf.c         0x00000000   Number         0  printfa.o ABSOLUTE
    ../clib/microlib/printf/printf.c         0x00000000   Number         0  printf4.o ABSOLUTE
    ../clib/microlib/printf/printf.c         0x00000000   Number         0  printf3.o ABSOLUTE
    ../clib/microlib/printf/printf.c         0x00000000   Number         0  printf2.o ABSOLUTE
    ../clib/microlib/printf/printf.c         0x00000000   Number         0  printf1.o ABSOLUTE
    ../clib/microlib/printf/printf.c         0x00000000   Number         0  printf0.o ABSOLUTE
    ../clib/microlib/printf/printf.c         0x00000000   Number         0  printfb.o ABSOLUTE
    ../clib/microlib/printf/printf.c         0x00000000   Number         0  printf6.o ABSOLUTE
    ../clib/microlib/printf/printf.c         0x00000000   Number         0  printf5.o ABSOLUTE
    ../clib/microlib/printf/stubs.s          0x00000000   Number         0  stubs.o ABSOLUTE
    ../clib/microlib/stdio/streams.c         0x00000000   Number         0  stdout.o ABSOLUTE
    ../clib/microlib/stubs.s                 0x00000000   Number         0  iusefp.o ABSOLUTE
    ../fplib/microlib/d2f.c                  0x00000000   Number         0  d2f.o ABSOLUTE
    ../fplib/microlib/f2d.c                  0x00000000   Number         0  f2d.o ABSOLUTE
    ../fplib/microlib/fpadd.c                0x00000000   Number         0  dadd.o ABSOLUTE
    ../fplib/microlib/fpadd.c                0x00000000   Number         0  fadd.o ABSOLUTE
    ../fplib/microlib/fpdiv.c                0x00000000   Number         0  fdiv.o ABSOLUTE
    ../fplib/microlib/fpdiv.c                0x00000000   Number         0  ddiv.o ABSOLUTE
    ../fplib/microlib/fpepilogue.c           0x00000000   Number         0  fepilogue.o ABSOLUTE
    ../fplib/microlib/fpepilogue.c           0x00000000   Number         0  depilogue.o ABSOLUTE
    ../fplib/microlib/fpfix.c                0x00000000   Number         0  dfixul.o ABSOLUTE
    ../fplib/microlib/fpflt.c                0x00000000   Number         0  fflti.o ABSOLUTE
    ../fplib/microlib/fpmul.c                0x00000000   Number         0  fmul.o ABSOLUTE
    ../fplib/microlib/fpmul.c                0x00000000   Number         0  dmul.o ABSOLUTE
    ASM\startup_stm32f10x_hd.s               0x00000000   Number         0  startup_stm32f10x_hd.o ABSOLUTE
    Lib\SRC\misc.c                           0x00000000   Number         0  misc.o ABSOLUTE
    Lib\SRC\stm32f10x_exti.c                 0x00000000   Number         0  stm32f10x_exti.o ABSOLUTE
    Lib\SRC\stm32f10x_gpio.c                 0x00000000   Number         0  stm32f10x_gpio.o ABSOLUTE
    Lib\SRC\stm32f10x_rcc.c                  0x00000000   Number         0  stm32f10x_rcc.o ABSOLUTE
    Lib\SRC\stm32f10x_spi.c                  0x00000000   Number         0  stm32f10x_spi_1.o ABSOLUTE
    Lib\SRC\stm32f10x_tim.c                  0x00000000   Number         0  stm32f10x_tim.o ABSOLUTE
    Lib\SRC\stm32f10x_usart.c                0x00000000   Number         0  stm32f10x_usart.o ABSOLUTE
    System\\core_cm3.c                       0x00000000   Number         0  core_cm3.o ABSOLUTE
    System\core_cm3.c                        0x00000000   Number         0  core_cm3.o ABSOLUTE
    System\system_stm32f10x.c                0x00000000   Number         0  system_stm32f10x.o ABSOLUTE
    USR\bsp_car.c                            0x00000000   Number         0  bsp_car.o ABSOLUTE
    USR\bsp_spi_nrf.c                        0x00000000   Number         0  bsp_spi_nrf.o ABSOLUTE
    USR\imu.c                                0x00000000   Number         0  imu.o ABSOLUTE
    USR\main.c                               0x00000000   Number         0  main.o ABSOLUTE
    USR\pbdata.c                             0x00000000   Number         0  pbdata.o ABSOLUTE
    USR\step_motor.c                         0x00000000   Number         0  step_motor.o ABSOLUTE
    USR\stm32f10x_it.c                       0x00000000   Number         0  stm32f10x_it.o ABSOLUTE
    cdrcmple.s                               0x00000000   Number         0  cdrcmple.o ABSOLUTE
    cfcmple.s                                0x00000000   Number         0  cfcmple.o ABSOLUTE
    cfrcmple.s                               0x00000000   Number         0  cfrcmple.o ABSOLUTE
    dc.s                                     0x00000000   Number         0  dc.o ABSOLUTE
    handlers.s                               0x00000000   Number         0  handlers.o ABSOLUTE
    init.s                                   0x00000000   Number         0  init.o ABSOLUTE
    RESET                                    0x08000000   Section      304  startup_stm32f10x_hd.o(RESET)
    .ARM.Collect$$$$00000000                 0x08000130   Section        0  entry.o(.ARM.Collect$$$$00000000)
    .ARM.Collect$$$$00000001                 0x08000130   Section        4  entry2.o(.ARM.Collect$$$$00000001)
    .ARM.Collect$$$$00000004                 0x08000134   Section        4  entry5.o(.ARM.Collect$$$$00000004)
    .ARM.Collect$$$$00000008                 0x08000138   Section        0  entry7b.o(.ARM.Collect$$$$00000008)
    .ARM.Collect$$$$0000000A                 0x08000138   Section        0  entry8b.o(.ARM.Collect$$$$0000000A)
    .ARM.Collect$$$$0000000B                 0x08000138   Section        8  entry9a.o(.ARM.Collect$$$$0000000B)
    .ARM.Collect$$$$0000000D                 0x08000140   Section        0  entry10a.o(.ARM.Collect$$$$0000000D)
    .ARM.Collect$$$$0000000F                 0x08000140   Section        0  entry11a.o(.ARM.Collect$$$$0000000F)
    .ARM.Collect$$$$00002712                 0x08000140   Section        4  entry2.o(.ARM.Collect$$$$00002712)
    __lit__00000000                          0x08000140   Data           4  entry2.o(.ARM.Collect$$$$00002712)
    .text                                    0x08000144   Section       36  startup_stm32f10x_hd.o(.text)
    .text                                    0x08000168   Section        0  main.o(.text)
    .text                                    0x08000464   Section        0  pbdata.o(.text)
    .text                                    0x08000538   Section        0  stm32f10x_it.o(.text)
    .text                                    0x0800058c   Section        0  imu.o(.text)
    .text                                    0x08000a5c   Section        0  step_motor.o(.text)
    .text                                    0x08000d98   Section        0  bsp_spi_nrf.o(.text)
    .text                                    0x0800115c   Section        0  bsp_car.o(.text)
    .text                                    0x0800132c   Section        0  stm32f10x_gpio.o(.text)
    .text                                    0x08001688   Section        0  stm32f10x_rcc.o(.text)
    .text                                    0x08001a2c   Section        0  misc.o(.text)
    .text                                    0x08001b08   Section        0  stm32f10x_usart.o(.text)
    .text                                    0x08001f10   Section        0  stm32f10x_spi_1.o(.text)
    .text                                    0x0800221c   Section        0  system_stm32f10x.o(.text)
    SetSysClockTo72                          0x0800221d   Thumb Code   214  system_stm32f10x.o(.text)
    SetSysClock                              0x080022f3   Thumb Code     8  system_stm32f10x.o(.text)
    .text                                    0x080023fc   Section        0  fadd.o(.text)
    .text                                    0x080024ac   Section        0  fmul.o(.text)
    .text                                    0x08002510   Section        0  fdiv.o(.text)
    .text                                    0x0800258c   Section        0  dmul.o(.text)
    .text                                    0x08002670   Section        0  fflti.o(.text)
    .text                                    0x08002682   Section        0  f2d.o(.text)
    .text                                    0x080026a8   Section        0  d2f.o(.text)
    .text                                    0x080026e0   Section       20  cfcmple.o(.text)
    .text                                    0x080026f4   Section       20  cfrcmple.o(.text)
    .text                                    0x08002708   Section        0  uidiv.o(.text)
    .text                                    0x08002734   Section        0  uldiv.o(.text)
    .text                                    0x08002796   Section        0  fepilogue.o(.text)
    .text                                    0x08002796   Section        0  iusefp.o(.text)
    .text                                    0x08002804   Section        0  depilogue.o(.text)
    .text                                    0x080028be   Section        0  dadd.o(.text)
    .text                                    0x08002a0c   Section        0  ddiv.o(.text)
    .text                                    0x08002aea   Section        0  dfixul.o(.text)
    .text                                    0x08002b1c   Section       48  cdrcmple.o(.text)
    .text                                    0x08002b4c   Section       36  init.o(.text)
    .text                                    0x08002b70   Section        0  llshl.o(.text)
    .text                                    0x08002b8e   Section        0  llushr.o(.text)
    .text                                    0x08002bae   Section        0  llsshr.o(.text)
    i.__0printf                              0x08002bd4   Section        0  printfa.o(i.__0printf)
    i.__scatterload_copy                     0x08002bf4   Section       14  handlers.o(i.__scatterload_copy)
    i.__scatterload_null                     0x08002c02   Section        2  handlers.o(i.__scatterload_null)
    i.__scatterload_zeroinit                 0x08002c04   Section       14  handlers.o(i.__scatterload_zeroinit)
    i._fp_digits                             0x08002c14   Section        0  printfa.o(i._fp_digits)
    _fp_digits                               0x08002c15   Thumb Code   334  printfa.o(i._fp_digits)
    i._printf_core                           0x08002d78   Section        0  printfa.o(i._printf_core)
    _printf_core                             0x08002d79   Thumb Code  1744  printfa.o(i._printf_core)
    i._printf_post_padding                   0x08003454   Section        0  printfa.o(i._printf_post_padding)
    _printf_post_padding                     0x08003455   Thumb Code    36  printfa.o(i._printf_post_padding)
    i._printf_pre_padding                    0x08003478   Section        0  printfa.o(i._printf_pre_padding)
    _printf_pre_padding                      0x08003479   Thumb Code    46  printfa.o(i._printf_pre_padding)
    .data                                    0x20000000   Section        3  main.o(.data)
    .data                                    0x20000004   Section       69  imu.o(.data)
    .data                                    0x20000049   Section       12  bsp_spi_nrf.o(.data)
    .data                                    0x20000055   Section       20  stm32f10x_rcc.o(.data)
    APBAHBPrescTable                         0x20000055   Data          16  stm32f10x_rcc.o(.data)
    ADCPrescTable                            0x20000065   Data           4  stm32f10x_rcc.o(.data)
    .data                                    0x2000006c   Section       20  system_stm32f10x.o(.data)
    .data                                    0x20000080   Section        4  stdout.o(.data)
    .bss                                     0x20000084   Section      100  imu.o(.bss)
    STACK                                    0x200000e8   Section     1024  startup_stm32f10x_hd.o(STACK)

    Global Symbols

    Symbol Name                              Value     Ov Type        Size  Object(Section)

    BuildAttributes$$THM_ISAv4$P$D$K$B$S$PE$A:L22UL41UL21$X:L11$S22US41US21$IEEE1$IW$USESV6$~STKCKD$USESV7$~SHL$OTIME$ROPI$EBA8$MICROLIB$REQ8$PRES8$EABIv2 0x00000000   Number         0  anon$$obj.o ABSOLUTE
    __ARM_use_no_argv                        0x00000000   Number         0  main.o ABSOLUTE
    _printf_a                                0x00000000   Number         0  stubs.o ABSOLUTE
    _printf_c                                0x00000000   Number         0  stubs.o ABSOLUTE
    _printf_charcount                        0x00000000   Number         0  stubs.o ABSOLUTE
    _printf_d                                0x00000000   Number         0  stubs.o ABSOLUTE
    _printf_e                                0x00000000   Number         0  stubs.o ABSOLUTE
    _printf_f                                0x00000000   Number         0  stubs.o ABSOLUTE
    _printf_flags                            0x00000000   Number         0  stubs.o ABSOLUTE
    _printf_fp_dec                           0x00000000   Number         0  stubs.o ABSOLUTE
    _printf_fp_hex                           0x00000000   Number         0  stubs.o ABSOLUTE
    _printf_g                                0x00000000   Number         0  stubs.o ABSOLUTE
    _printf_i                                0x00000000   Number         0  stubs.o ABSOLUTE
    _printf_int_dec                          0x00000000   Number         0  stubs.o ABSOLUTE
    _printf_l                                0x00000000   Number         0  stubs.o ABSOLUTE
    _printf_lc                               0x00000000   Number         0  stubs.o ABSOLUTE
    _printf_ll                               0x00000000   Number         0  stubs.o ABSOLUTE
    _printf_lld                              0x00000000   Number         0  stubs.o ABSOLUTE
    _printf_lli                              0x00000000   Number         0  stubs.o ABSOLUTE
    _printf_llo                              0x00000000   Number         0  stubs.o ABSOLUTE
    _printf_llu                              0x00000000   Number         0  stubs.o ABSOLUTE
    _printf_llx                              0x00000000   Number         0  stubs.o ABSOLUTE
    _printf_longlong_dec                     0x00000000   Number         0  stubs.o ABSOLUTE
    _printf_longlong_hex                     0x00000000   Number         0  stubs.o ABSOLUTE
    _printf_longlong_oct                     0x00000000   Number         0  stubs.o ABSOLUTE
    _printf_ls                               0x00000000   Number         0  stubs.o ABSOLUTE
    _printf_mbtowc                           0x00000000   Number         0  stubs.o ABSOLUTE
    _printf_n                                0x00000000   Number         0  stubs.o ABSOLUTE
    _printf_o                                0x00000000   Number         0  stubs.o ABSOLUTE
    _printf_p                                0x00000000   Number         0  stubs.o ABSOLUTE
    _printf_percent                          0x00000000   Number         0  stubs.o ABSOLUTE
    _printf_pre_padding                      0x00000000   Number         0  stubs.o ABSOLUTE
    _printf_return_value                     0x00000000   Number         0  stubs.o ABSOLUTE
    _printf_s                                0x00000000   Number         0  stubs.o ABSOLUTE
    _printf_sizespec                         0x00000000   Number         0  stubs.o ABSOLUTE
    _printf_str                              0x00000000   Number         0  stubs.o ABSOLUTE
    _printf_truncate_signed                  0x00000000   Number         0  stubs.o ABSOLUTE
    _printf_truncate_unsigned                0x00000000   Number         0  stubs.o ABSOLUTE
    _printf_u                                0x00000000   Number         0  stubs.o ABSOLUTE
    _printf_wc                               0x00000000   Number         0  stubs.o ABSOLUTE
    _printf_wctomb                           0x00000000   Number         0  stubs.o ABSOLUTE
    _printf_widthprec                        0x00000000   Number         0  stubs.o ABSOLUTE
    _printf_x                                0x00000000   Number         0  stubs.o ABSOLUTE
    __cpp_initialize__aeabi_                  - Undefined Weak Reference
    __cxa_finalize                            - Undefined Weak Reference
    __decompress                              - Undefined Weak Reference
    _clock_init                               - Undefined Weak Reference
    _microlib_exit                            - Undefined Weak Reference
    __Vectors_Size                           0x00000130   Number         0  startup_stm32f10x_hd.o ABSOLUTE
    __Vectors                                0x08000000   Data           4  startup_stm32f10x_hd.o(RESET)
    __Vectors_End                            0x08000130   Data           0  startup_stm32f10x_hd.o(RESET)
    __main                                   0x08000131   Thumb Code     0  entry.o(.ARM.Collect$$$$00000000)
    _main_stk                                0x08000131   Thumb Code     0  entry2.o(.ARM.Collect$$$$00000001)
    _main_scatterload                        0x08000135   Thumb Code     0  entry5.o(.ARM.Collect$$$$00000004)
    __main_after_scatterload                 0x08000139   Thumb Code     0  entry5.o(.ARM.Collect$$$$00000004)
    _main_clock                              0x08000139   Thumb Code     0  entry7b.o(.ARM.Collect$$$$00000008)
    _main_cpp_init                           0x08000139   Thumb Code     0  entry8b.o(.ARM.Collect$$$$0000000A)
    _main_init                               0x08000139   Thumb Code     0  entry9a.o(.ARM.Collect$$$$0000000B)
    __rt_final_cpp                           0x08000141   Thumb Code     0  entry10a.o(.ARM.Collect$$$$0000000D)
    __rt_final_exit                          0x08000141   Thumb Code     0  entry11a.o(.ARM.Collect$$$$0000000F)
    Reset_Handler                            0x08000145   Thumb Code     8  startup_stm32f10x_hd.o(.text)
    ADC1_2_IRQHandler                        0x0800015f   Thumb Code     0  startup_stm32f10x_hd.o(.text)
    ADC3_IRQHandler                          0x0800015f   Thumb Code     0  startup_stm32f10x_hd.o(.text)
    CAN1_RX1_IRQHandler                      0x0800015f   Thumb Code     0  startup_stm32f10x_hd.o(.text)
    CAN1_SCE_IRQHandler                      0x0800015f   Thumb Code     0  startup_stm32f10x_hd.o(.text)
    DMA1_Channel1_IRQHandler                 0x0800015f   Thumb Code     0  startup_stm32f10x_hd.o(.text)
    DMA1_Channel2_IRQHandler                 0x0800015f   Thumb Code     0  startup_stm32f10x_hd.o(.text)
    DMA1_Channel3_IRQHandler                 0x0800015f   Thumb Code     0  startup_stm32f10x_hd.o(.text)
    DMA1_Channel4_IRQHandler                 0x0800015f   Thumb Code     0  startup_stm32f10x_hd.o(.text)
    DMA1_Channel5_IRQHandler                 0x0800015f   Thumb Code     0  startup_stm32f10x_hd.o(.text)
    DMA1_Channel6_IRQHandler                 0x0800015f   Thumb Code     0  startup_stm32f10x_hd.o(.text)
    DMA1_Channel7_IRQHandler                 0x0800015f   Thumb Code     0  startup_stm32f10x_hd.o(.text)
    DMA2_Channel1_IRQHandler                 0x0800015f   Thumb Code     0  startup_stm32f10x_hd.o(.text)
    DMA2_Channel2_IRQHandler                 0x0800015f   Thumb Code     0  startup_stm32f10x_hd.o(.text)
    DMA2_Channel3_IRQHandler                 0x0800015f   Thumb Code     0  startup_stm32f10x_hd.o(.text)
    DMA2_Channel4_5_IRQHandler               0x0800015f   Thumb Code     0  startup_stm32f10x_hd.o(.text)
    EXTI0_IRQHandler                         0x0800015f   Thumb Code     0  startup_stm32f10x_hd.o(.text)
    EXTI15_10_IRQHandler                     0x0800015f   Thumb Code     0  startup_stm32f10x_hd.o(.text)
    EXTI4_IRQHandler                         0x0800015f   Thumb Code     0  startup_stm32f10x_hd.o(.text)
    FLASH_IRQHandler                         0x0800015f   Thumb Code     0  startup_stm32f10x_hd.o(.text)
    FSMC_IRQHandler                          0x0800015f   Thumb Code     0  startup_stm32f10x_hd.o(.text)
    I2C1_ER_IRQHandler                       0x0800015f   Thumb Code     0  startup_stm32f10x_hd.o(.text)
    I2C1_EV_IRQHandler                       0x0800015f   Thumb Code     0  startup_stm32f10x_hd.o(.text)
    I2C2_ER_IRQHandler                       0x0800015f   Thumb Code     0  startup_stm32f10x_hd.o(.text)
    I2C2_EV_IRQHandler                       0x0800015f   Thumb Code     0  startup_stm32f10x_hd.o(.text)
    PVD_IRQHandler                           0x0800015f   Thumb Code     0  startup_stm32f10x_hd.o(.text)
    RCC_IRQHandler                           0x0800015f   Thumb Code     0  startup_stm32f10x_hd.o(.text)
    RTCAlarm_IRQHandler                      0x0800015f   Thumb Code     0  startup_stm32f10x_hd.o(.text)
    RTC_IRQHandler                           0x0800015f   Thumb Code     0  startup_stm32f10x_hd.o(.text)
    SDIO_IRQHandler                          0x0800015f   Thumb Code     0  startup_stm32f10x_hd.o(.text)
    SPI1_IRQHandler                          0x0800015f   Thumb Code     0  startup_stm32f10x_hd.o(.text)
    SPI2_IRQHandler                          0x0800015f   Thumb Code     0  startup_stm32f10x_hd.o(.text)
    SPI3_IRQHandler                          0x0800015f   Thumb Code     0  startup_stm32f10x_hd.o(.text)
    TAMPER_IRQHandler                        0x0800015f   Thumb Code     0  startup_stm32f10x_hd.o(.text)
    TIM1_BRK_IRQHandler                      0x0800015f   Thumb Code     0  startup_stm32f10x_hd.o(.text)
    TIM1_CC_IRQHandler                       0x0800015f   Thumb Code     0  startup_stm32f10x_hd.o(.text)
    TIM1_TRG_COM_IRQHandler                  0x0800015f   Thumb Code     0  startup_stm32f10x_hd.o(.text)
    TIM1_UP_IRQHandler                       0x0800015f   Thumb Code     0  startup_stm32f10x_hd.o(.text)
    TIM2_IRQHandler                          0x0800015f   Thumb Code     0  startup_stm32f10x_hd.o(.text)
    TIM4_IRQHandler                          0x0800015f   Thumb Code     0  startup_stm32f10x_hd.o(.text)
    TIM5_IRQHandler                          0x0800015f   Thumb Code     0  startup_stm32f10x_hd.o(.text)
    TIM6_IRQHandler                          0x0800015f   Thumb Code     0  startup_stm32f10x_hd.o(.text)
    TIM7_IRQHandler                          0x0800015f   Thumb Code     0  startup_stm32f10x_hd.o(.text)
    TIM8_BRK_IRQHandler                      0x0800015f   Thumb Code     0  startup_stm32f10x_hd.o(.text)
    TIM8_CC_IRQHandler                       0x0800015f   Thumb Code     0  startup_stm32f10x_hd.o(.text)
    TIM8_TRG_COM_IRQHandler                  0x0800015f   Thumb Code     0  startup_stm32f10x_hd.o(.text)
    TIM8_UP_IRQHandler                       0x0800015f   Thumb Code     0  startup_stm32f10x_hd.o(.text)
    UART4_IRQHandler                         0x0800015f   Thumb Code     0  startup_stm32f10x_hd.o(.text)
    UART5_IRQHandler                         0x0800015f   Thumb Code     0  startup_stm32f10x_hd.o(.text)
    USART3_IRQHandler                        0x0800015f   Thumb Code     0  startup_stm32f10x_hd.o(.text)
    USBWakeUp_IRQHandler                     0x0800015f   Thumb Code     0  startup_stm32f10x_hd.o(.text)
    USB_HP_CAN1_TX_IRQHandler                0x0800015f   Thumb Code     0  startup_stm32f10x_hd.o(.text)
    USB_LP_CAN1_RX0_IRQHandler               0x0800015f   Thumb Code     0  startup_stm32f10x_hd.o(.text)
    WWDG_IRQHandler                          0x0800015f   Thumb Code     0  startup_stm32f10x_hd.o(.text)
    fputc                                    0x08000169   Thumb Code    32  main.o(.text)
    NVIC_Configuration                       0x08000189   Thumb Code    42  main.o(.text)
    USART_Configuration                      0x080001b3   Thumb Code    70  main.o(.text)
    GPIO_Configuration                       0x080001f9   Thumb Code    54  main.o(.text)
    RCC_Configuration                        0x0800022f   Thumb Code    32  main.o(.text)
    main                                     0x0800024f   Thumb Code   348  main.o(.text)
    RCC_HSE_Configuration                    0x08000465   Thumb Code    90  pbdata.o(.text)
    delay                                    0x080004bf   Thumb Code    10  pbdata.o(.text)
    delay_us                                 0x080004c9   Thumb Code    54  pbdata.o(.text)
    delay_ms                                 0x080004ff   Thumb Code    56  pbdata.o(.text)
    NMI_Handler                              0x08000539   Thumb Code     2  stm32f10x_it.o(.text)
    USART1_IRQHandler                        0x0800053b   Thumb Code     2  stm32f10x_it.o(.text)
    USART2_IRQHandler                        0x0800053d   Thumb Code    40  stm32f10x_it.o(.text)
    HardFault_Handler                        0x08000565   Thumb Code     4  stm32f10x_it.o(.text)
    MemManage_Handler                        0x08000569   Thumb Code     4  stm32f10x_it.o(.text)
    BusFault_Handler                         0x0800056d   Thumb Code     4  stm32f10x_it.o(.text)
    UsageFault_Handler                       0x08000571   Thumb Code     4  stm32f10x_it.o(.text)
    SVC_Handler                              0x08000575   Thumb Code     2  stm32f10x_it.o(.text)
    DebugMon_Handler                         0x08000577   Thumb Code     2  stm32f10x_it.o(.text)
    PendSV_Handler                           0x08000579   Thumb Code     2  stm32f10x_it.o(.text)
    SysTick_Handler                          0x0800057b   Thumb Code     2  stm32f10x_it.o(.text)
    TIM3_IRQHandler                          0x0800057d   Thumb Code     2  stm32f10x_it.o(.text)
    EXTI9_5_IRQHandler                       0x0800057f   Thumb Code     2  stm32f10x_it.o(.text)
    EXTI1_IRQHandler                         0x08000581   Thumb Code     2  stm32f10x_it.o(.text)
    EXTI2_IRQHandler                         0x08000583   Thumb Code     2  stm32f10x_it.o(.text)
    EXTI3_IRQHandler                         0x08000585   Thumb Code     2  stm32f10x_it.o(.text)
    usart2_init                              0x0800058d   Thumb Code   164  imu.o(.text)
    UART2_Get_IMU                            0x08000631   Thumb Code   328  imu.o(.text)
    UART2_Get_Motion                         0x08000779   Thumb Code   362  imu.o(.text)
    Sum_check                                0x080008e3   Thumb Code    52  imu.o(.text)
    UART2_CommandRoute                       0x08000917   Thumb Code    56  imu.o(.text)
    Decode_frame                             0x0800094f   Thumb Code   258  imu.o(.text)
    motor_init                               0x08000a5d   Thumb Code    76  step_motor.o(.text)
    motor_go                                 0x08000aa9   Thumb Code   374  step_motor.o(.text)
    motor_back                               0x08000c1f   Thumb Code   374  step_motor.o(.text)
    Delay                                    0x08000d99   Thumb Code    18  bsp_spi_nrf.o(.text)
    SPI_NRF_Init                             0x08000dab   Thumb Code   182  bsp_spi_nrf.o(.text)
    SPI_NRF_RW                               0x08000e61   Thumb Code    50  bsp_spi_nrf.o(.text)
    SPI_NRF_WriteReg                         0x08000e93   Thumb Code    48  bsp_spi_nrf.o(.text)
    SPI_NRF_ReadReg                          0x08000ec3   Thumb Code    46  bsp_spi_nrf.o(.text)
    SPI_NRF_ReadBuf                          0x08000ef1   Thumb Code    68  bsp_spi_nrf.o(.text)
    SPI_NRF_WriteBuf                         0x08000f35   Thumb Code    68  bsp_spi_nrf.o(.text)
    NRF_RX_Mode                              0x08000f79   Thumb Code    78  bsp_spi_nrf.o(.text)
    NRF_TX_Mode                              0x08000fc7   Thumb Code    96  bsp_spi_nrf.o(.text)
    NRF_Check                                0x08001027   Thumb Code    68  bsp_spi_nrf.o(.text)
    NRF_Tx_Dat                               0x0800106b   Thumb Code    92  bsp_spi_nrf.o(.text)
    NRF_Rx_Dat                               0x080010c7   Thumb Code   100  bsp_spi_nrf.o(.text)
    nrf_get                                  0x0800112b   Thumb Code    20  bsp_spi_nrf.o(.text)
    Car_GPIO_Config                          0x0800115d   Thumb Code    56  bsp_car.o(.text)
    Car_run                                  0x08001195   Thumb Code    80  bsp_car.o(.text)
    Car_stop                                 0x080011e5   Thumb Code    80  bsp_car.o(.text)
    Car_back                                 0x08001235   Thumb Code    80  bsp_car.o(.text)
    Car_left                                 0x08001285   Thumb Code    80  bsp_car.o(.text)
    Car_right                                0x080012d5   Thumb Code    80  bsp_car.o(.text)
    GPIO_DeInit                              0x0800132d   Thumb Code   172  stm32f10x_gpio.o(.text)
    GPIO_AFIODeInit                          0x080013d9   Thumb Code    20  stm32f10x_gpio.o(.text)
    GPIO_Init                                0x080013ed   Thumb Code   278  stm32f10x_gpio.o(.text)
    GPIO_StructInit                          0x08001503   Thumb Code    16  stm32f10x_gpio.o(.text)
    GPIO_ReadInputDataBit                    0x08001513   Thumb Code    18  stm32f10x_gpio.o(.text)
    GPIO_ReadInputData                       0x08001525   Thumb Code     8  stm32f10x_gpio.o(.text)
    GPIO_ReadOutputDataBit                   0x0800152d   Thumb Code    18  stm32f10x_gpio.o(.text)
    GPIO_ReadOutputData                      0x0800153f   Thumb Code     8  stm32f10x_gpio.o(.text)
    GPIO_SetBits                             0x08001547   Thumb Code     4  stm32f10x_gpio.o(.text)
    GPIO_ResetBits                           0x0800154b   Thumb Code     4  stm32f10x_gpio.o(.text)
    GPIO_WriteBit                            0x0800154f   Thumb Code    10  stm32f10x_gpio.o(.text)
    GPIO_Write                               0x08001559   Thumb Code     4  stm32f10x_gpio.o(.text)
    GPIO_PinLockConfig                       0x0800155d   Thumb Code    18  stm32f10x_gpio.o(.text)
    GPIO_EventOutputConfig                   0x0800156f   Thumb Code    26  stm32f10x_gpio.o(.text)
    GPIO_EventOutputCmd                      0x08001589   Thumb Code     6  stm32f10x_gpio.o(.text)
    GPIO_PinRemapConfig                      0x0800158f   Thumb Code   138  stm32f10x_gpio.o(.text)
    GPIO_EXTILineConfig                      0x08001619   Thumb Code    66  stm32f10x_gpio.o(.text)
    GPIO_ETH_MediaInterfaceConfig            0x0800165b   Thumb Code     8  stm32f10x_gpio.o(.text)
    RCC_DeInit                               0x08001689   Thumb Code    64  stm32f10x_rcc.o(.text)
    RCC_HSEConfig                            0x080016c9   Thumb Code    70  stm32f10x_rcc.o(.text)
    RCC_GetFlagStatus                        0x0800170f   Thumb Code    56  stm32f10x_rcc.o(.text)
    RCC_WaitForHSEStartUp                    0x08001747   Thumb Code    56  stm32f10x_rcc.o(.text)
    RCC_AdjustHSICalibrationValue            0x0800177f   Thumb Code    20  stm32f10x_rcc.o(.text)
    RCC_HSICmd                               0x08001793   Thumb Code     6  stm32f10x_rcc.o(.text)
    RCC_PLLConfig                            0x08001799   Thumb Code    24  stm32f10x_rcc.o(.text)
    RCC_PLLCmd                               0x080017b1   Thumb Code     6  stm32f10x_rcc.o(.text)
    RCC_SYSCLKConfig                         0x080017b7   Thumb Code    18  stm32f10x_rcc.o(.text)
    RCC_GetSYSCLKSource                      0x080017c9   Thumb Code    10  stm32f10x_rcc.o(.text)
    RCC_HCLKConfig                           0x080017d3   Thumb Code    18  stm32f10x_rcc.o(.text)
    RCC_PCLK1Config                          0x080017e5   Thumb Code    18  stm32f10x_rcc.o(.text)
    RCC_PCLK2Config                          0x080017f7   Thumb Code    20  stm32f10x_rcc.o(.text)
    RCC_ITConfig                             0x0800180b   Thumb Code    26  stm32f10x_rcc.o(.text)
    RCC_USBCLKConfig                         0x08001825   Thumb Code     8  stm32f10x_rcc.o(.text)
    RCC_ADCCLKConfig                         0x0800182d   Thumb Code    18  stm32f10x_rcc.o(.text)
    RCC_LSEConfig                            0x0800183f   Thumb Code    50  stm32f10x_rcc.o(.text)
    RCC_LSICmd                               0x08001871   Thumb Code     6  stm32f10x_rcc.o(.text)
    RCC_RTCCLKConfig                         0x08001877   Thumb Code    12  stm32f10x_rcc.o(.text)
    RCC_RTCCLKCmd                            0x08001883   Thumb Code     8  stm32f10x_rcc.o(.text)
    RCC_GetClocksFreq                        0x0800188b   Thumb Code   192  stm32f10x_rcc.o(.text)
    RCC_AHBPeriphClockCmd                    0x0800194b   Thumb Code    26  stm32f10x_rcc.o(.text)
    RCC_APB2PeriphClockCmd                   0x08001965   Thumb Code    26  stm32f10x_rcc.o(.text)
    RCC_APB1PeriphClockCmd                   0x0800197f   Thumb Code    26  stm32f10x_rcc.o(.text)
    RCC_APB2PeriphResetCmd                   0x08001999   Thumb Code    26  stm32f10x_rcc.o(.text)
    RCC_APB1PeriphResetCmd                   0x080019b3   Thumb Code    26  stm32f10x_rcc.o(.text)
    RCC_BackupResetCmd                       0x080019cd   Thumb Code     8  stm32f10x_rcc.o(.text)
    RCC_ClockSecuritySystemCmd               0x080019d5   Thumb Code     6  stm32f10x_rcc.o(.text)
    RCC_MCOConfig                            0x080019db   Thumb Code     6  stm32f10x_rcc.o(.text)
    RCC_ClearFlag                            0x080019e1   Thumb Code    14  stm32f10x_rcc.o(.text)
    RCC_GetITStatus                          0x080019ef   Thumb Code    20  stm32f10x_rcc.o(.text)
    RCC_ClearITPendingBit                    0x08001a03   Thumb Code     6  stm32f10x_rcc.o(.text)
    NVIC_PriorityGroupConfig                 0x08001a2d   Thumb Code    10  misc.o(.text)
    NVIC_Init                                0x08001a37   Thumb Code   100  misc.o(.text)
    NVIC_SetVectorTable                      0x08001a9b   Thumb Code    14  misc.o(.text)
    NVIC_SystemLPConfig                      0x08001aa9   Thumb Code    34  misc.o(.text)
    SysTick_CLKSourceConfig                  0x08001acb   Thumb Code    40  misc.o(.text)
    USART_DeInit                             0x08001b09   Thumb Code   134  stm32f10x_usart.o(.text)
    USART_Init                               0x08001b8f   Thumb Code   210  stm32f10x_usart.o(.text)
    USART_StructInit                         0x08001c61   Thumb Code    24  stm32f10x_usart.o(.text)
    USART_ClockInit                          0x08001c79   Thumb Code    34  stm32f10x_usart.o(.text)
    USART_ClockStructInit                    0x08001c9b   Thumb Code    12  stm32f10x_usart.o(.text)
    USART_Cmd                                0x08001ca7   Thumb Code    24  stm32f10x_usart.o(.text)
    USART_ITConfig                           0x08001cbf   Thumb Code    74  stm32f10x_usart.o(.text)
    USART_DMACmd                             0x08001d09   Thumb Code    18  stm32f10x_usart.o(.text)
    USART_SetAddress                         0x08001d1b   Thumb Code    18  stm32f10x_usart.o(.text)
    USART_WakeUpConfig                       0x08001d2d   Thumb Code    18  stm32f10x_usart.o(.text)
    USART_ReceiverWakeUpCmd                  0x08001d3f   Thumb Code    24  stm32f10x_usart.o(.text)
    USART_LINBreakDetectLengthConfig         0x08001d57   Thumb Code    18  stm32f10x_usart.o(.text)
    USART_LINCmd                             0x08001d69   Thumb Code    24  stm32f10x_usart.o(.text)
    USART_SendData                           0x08001d81   Thumb Code     8  stm32f10x_usart.o(.text)
    USART_ReceiveData                        0x08001d89   Thumb Code    10  stm32f10x_usart.o(.text)
    USART_SendBreak                          0x08001d93   Thumb Code    10  stm32f10x_usart.o(.text)
    USART_SetGuardTime                       0x08001d9d   Thumb Code    16  stm32f10x_usart.o(.text)
    USART_SetPrescaler                       0x08001dad   Thumb Code    16  stm32f10x_usart.o(.text)
    USART_SmartCardCmd                       0x08001dbd   Thumb Code    24  stm32f10x_usart.o(.text)
    USART_SmartCardNACKCmd                   0x08001dd5   Thumb Code    24  stm32f10x_usart.o(.text)
    USART_HalfDuplexCmd                      0x08001ded   Thumb Code    24  stm32f10x_usart.o(.text)
    USART_OverSampling8Cmd                   0x08001e05   Thumb Code    22  stm32f10x_usart.o(.text)
    USART_OneBitMethodCmd                    0x08001e1b   Thumb Code    24  stm32f10x_usart.o(.text)
    USART_IrDAConfig                         0x08001e33   Thumb Code    18  stm32f10x_usart.o(.text)
    USART_IrDACmd                            0x08001e45   Thumb Code    24  stm32f10x_usart.o(.text)
    USART_GetFlagStatus                      0x08001e5d   Thumb Code    26  stm32f10x_usart.o(.text)
    USART_ClearFlag                          0x08001e77   Thumb Code    18  stm32f10x_usart.o(.text)
    USART_GetITStatus                        0x08001e89   Thumb Code    84  stm32f10x_usart.o(.text)
    USART_ClearITPendingBit                  0x08001edd   Thumb Code    52  stm32f10x_usart.o(.text)
    SPI_I2S_DeInit                           0x08001f11   Thumb Code    76  stm32f10x_spi_1.o(.text)
    SPI_Init                                 0x08001f5d   Thumb Code    60  stm32f10x_spi_1.o(.text)
    I2S_Init                                 0x08001f99   Thumb Code   226  stm32f10x_spi_1.o(.text)
    SPI_StructInit                           0x0800207b   Thumb Code    24  stm32f10x_spi_1.o(.text)
    I2S_StructInit                           0x08002093   Thumb Code    20  stm32f10x_spi_1.o(.text)
    SPI_Cmd                                  0x080020a7   Thumb Code    24  stm32f10x_spi_1.o(.text)
    I2S_Cmd                                  0x080020bf   Thumb Code    24  stm32f10x_spi_1.o(.text)
    SPI_I2S_ITConfig                         0x080020d7   Thumb Code    32  stm32f10x_spi_1.o(.text)
    SPI_I2S_DMACmd                           0x080020f7   Thumb Code    18  stm32f10x_spi_1.o(.text)
    SPI_I2S_SendData                         0x08002109   Thumb Code     4  stm32f10x_spi_1.o(.text)
    SPI_I2S_ReceiveData                      0x0800210d   Thumb Code     6  stm32f10x_spi_1.o(.text)
    SPI_NSSInternalSoftwareConfig            0x08002113   Thumb Code    30  stm32f10x_spi_1.o(.text)
    SPI_SSOutputCmd                          0x08002131   Thumb Code    24  stm32f10x_spi_1.o(.text)
    SPI_DataSizeConfig                       0x08002149   Thumb Code    18  stm32f10x_spi_1.o(.text)
    SPI_TransmitCRC                          0x0800215b   Thumb Code    10  stm32f10x_spi_1.o(.text)
    SPI_CalculateCRC                         0x08002165   Thumb Code    24  stm32f10x_spi_1.o(.text)
    SPI_GetCRC                               0x0800217d   Thumb Code    16  stm32f10x_spi_1.o(.text)
    SPI_GetCRCPolynomial                     0x0800218d   Thumb Code     6  stm32f10x_spi_1.o(.text)
    SPI_BiDirectionalLineConfig              0x08002193   Thumb Code    28  stm32f10x_spi_1.o(.text)
    SPI_I2S_GetFlagStatus                    0x080021af   Thumb Code    18  stm32f10x_spi_1.o(.text)
    SPI_I2S_ClearFlag                        0x080021c1   Thumb Code     6  stm32f10x_spi_1.o(.text)
    SPI_I2S_GetITStatus                      0x080021c7   Thumb Code    52  stm32f10x_spi_1.o(.text)
    SPI_I2S_ClearITPendingBit                0x080021fb   Thumb Code    20  stm32f10x_spi_1.o(.text)
    SystemInit                               0x080022fb   Thumb Code    78  system_stm32f10x.o(.text)
    SystemCoreClockUpdate                    0x08002349   Thumb Code   142  system_stm32f10x.o(.text)
    __aeabi_fadd                             0x080023fd   Thumb Code   164  fadd.o(.text)
    __aeabi_fsub                             0x080024a1   Thumb Code     6  fadd.o(.text)
    __aeabi_frsub                            0x080024a7   Thumb Code     6  fadd.o(.text)
    __aeabi_fmul                             0x080024ad   Thumb Code   100  fmul.o(.text)
    __aeabi_fdiv                             0x08002511   Thumb Code   124  fdiv.o(.text)
    __aeabi_dmul                             0x0800258d   Thumb Code   228  dmul.o(.text)
    __aeabi_i2f                              0x08002671   Thumb Code    18  fflti.o(.text)
    __aeabi_f2d                              0x08002683   Thumb Code    38  f2d.o(.text)
    __aeabi_d2f                              0x080026a9   Thumb Code    56  d2f.o(.text)
    __aeabi_cfcmpeq                          0x080026e1   Thumb Code     0  cfcmple.o(.text)
    __aeabi_cfcmple                          0x080026e1   Thumb Code    20  cfcmple.o(.text)
    __aeabi_cfrcmple                         0x080026f5   Thumb Code    20  cfrcmple.o(.text)
    __aeabi_uidiv                            0x08002709   Thumb Code     0  uidiv.o(.text)
    __aeabi_uidivmod                         0x08002709   Thumb Code    44  uidiv.o(.text)
    __aeabi_uldivmod                         0x08002735   Thumb Code    98  uldiv.o(.text)
    __I$use$fp                               0x08002797   Thumb Code     0  iusefp.o(.text)
    _float_round                             0x08002797   Thumb Code    18  fepilogue.o(.text)
    _float_epilogue                          0x080027a9   Thumb Code    92  fepilogue.o(.text)
    _double_round                            0x08002805   Thumb Code    30  depilogue.o(.text)
    _double_epilogue                         0x08002823   Thumb Code   156  depilogue.o(.text)
    __aeabi_dadd                             0x080028bf   Thumb Code   322  dadd.o(.text)
    __aeabi_dsub                             0x08002a01   Thumb Code     6  dadd.o(.text)
    __aeabi_drsub                            0x08002a07   Thumb Code     6  dadd.o(.text)
    __aeabi_ddiv                             0x08002a0d   Thumb Code   222  ddiv.o(.text)
    __aeabi_d2ulz                            0x08002aeb   Thumb Code    48  dfixul.o(.text)
    __aeabi_cdrcmple                         0x08002b1d   Thumb Code    48  cdrcmple.o(.text)
    __scatterload                            0x08002b4d   Thumb Code    28  init.o(.text)
    __scatterload_rt2                        0x08002b4d   Thumb Code     0  init.o(.text)
    __aeabi_llsl                             0x08002b71   Thumb Code    30  llshl.o(.text)
    _ll_shift_l                              0x08002b71   Thumb Code     0  llshl.o(.text)
    __aeabi_llsr                             0x08002b8f   Thumb Code    32  llushr.o(.text)
    _ll_ushift_r                             0x08002b8f   Thumb Code     0  llushr.o(.text)
    __aeabi_lasr                             0x08002baf   Thumb Code    36  llsshr.o(.text)
    _ll_sshift_r                             0x08002baf   Thumb Code     0  llsshr.o(.text)
    __0printf                                0x08002bd5   Thumb Code    22  printfa.o(i.__0printf)
    __1printf                                0x08002bd5   Thumb Code     0  printfa.o(i.__0printf)
    __2printf                                0x08002bd5   Thumb Code     0  printfa.o(i.__0printf)
    __c89printf                              0x08002bd5   Thumb Code     0  printfa.o(i.__0printf)
    printf                                   0x08002bd5   Thumb Code     0  printfa.o(i.__0printf)
    __scatterload_copy                       0x08002bf5   Thumb Code    14  handlers.o(i.__scatterload_copy)
    __scatterload_null                       0x08002c03   Thumb Code     2  handlers.o(i.__scatterload_null)
    __scatterload_zeroinit                   0x08002c05   Thumb Code    14  handlers.o(i.__scatterload_zeroinit)
    Region$$Table$$Base                      0x080034a8   Number         0  anon$$obj.o(Region$$Table)
    Region$$Table$$Limit                     0x080034c8   Number         0  anon$$obj.o(Region$$Table)
    status                                   0x20000000   Data           1  main.o(.data)
    txbuf                                    0x20000001   Data           1  main.o(.data)
    rxbuf                                    0x20000002   Data           1  main.o(.data)
    rx_wr_index                              0x20000004   Data           1  imu.o(.data)
    RC_Flag                                  0x20000005   Data           1  imu.o(.data)
    yaw                                      0x20000008   Data           4  imu.o(.data)
    pitch                                    0x2000000c   Data           4  imu.o(.data)
    roll                                     0x20000010   Data           4  imu.o(.data)
    alt                                      0x20000014   Data           4  imu.o(.data)
    tempr                                    0x20000018   Data           4  imu.o(.data)
    press                                    0x2000001c   Data           4  imu.o(.data)
    ax                                       0x20000020   Data           2  imu.o(.data)
    ay                                       0x20000022   Data           2  imu.o(.data)
    az                                       0x20000024   Data           2  imu.o(.data)
    gx                                       0x20000026   Data           2  imu.o(.data)
    gy                                       0x20000028   Data           2  imu.o(.data)
    gz                                       0x2000002a   Data           2  imu.o(.data)
    hx                                       0x2000002c   Data           2  imu.o(.data)
    hy                                       0x2000002e   Data           2  imu.o(.data)
    hz                                       0x20000030   Data           2  imu.o(.data)
    GPS_Altitude                             0x20000034   Data           4  imu.o(.data)
    Latitude_GPS                             0x20000038   Data           4  imu.o(.data)
    Longitude_GPS                            0x2000003c   Data           4  imu.o(.data)
    Speed_GPS                                0x20000040   Data           4  imu.o(.data)
    Course_GPS                               0x20000044   Data           4  imu.o(.data)
    GPS_STA_Num                              0x20000048   Data           1  imu.o(.data)
    RX_BUF                                   0x20000049   Data           1  bsp_spi_nrf.o(.data)
    TX_BUF                                   0x2000004a   Data           1  bsp_spi_nrf.o(.data)
    TX_ADDRESS                               0x2000004b   Data           5  bsp_spi_nrf.o(.data)
    RX_ADDRESS                               0x20000050   Data           5  bsp_spi_nrf.o(.data)
    SystemCoreClock                          0x2000006c   Data           4  system_stm32f10x.o(.data)
    AHBPrescTable                            0x20000070   Data          16  system_stm32f10x.o(.data)
    __stdout                                 0x20000080   Data           4  stdout.o(.data)
    rx_buffer                                0x20000084   Data         100  imu.o(.bss)
    __initial_sp                             0x200004e8   Data           0  startup_stm32f10x_hd.o(STACK)



==============================================================================

Memory Map of the image

  Image Entry point : 0x08000131

  Load Region LR_IROM1 (Base: 0x08000000, Size: 0x0000354c, Max: 0x00080000, ABSOLUTE)

    Execution Region ER_IROM1 (Base: 0x08000000, Size: 0x000034c8, Max: 0x00080000, ABSOLUTE)

    Base Addr    Size         Type   Attr      Idx    E Section Name        Object

    0x08000000   0x00000130   Data   RO            3    RESET               startup_stm32f10x_hd.o
    0x08000130   0x00000000   Code   RO          310  * .ARM.Collect$$$$00000000  mc_w.l(entry.o)
    0x08000130   0x00000004   Code   RO          592    .ARM.Collect$$$$00000001  mc_w.l(entry2.o)
    0x08000134   0x00000004   Code   RO          595    .ARM.Collect$$$$00000004  mc_w.l(entry5.o)
    0x08000138   0x00000000   Code   RO          597    .ARM.Collect$$$$00000008  mc_w.l(entry7b.o)
    0x08000138   0x00000000   Code   RO          599    .ARM.Collect$$$$0000000A  mc_w.l(entry8b.o)
    0x08000138   0x00000008   Code   RO          600    .ARM.Collect$$$$0000000B  mc_w.l(entry9a.o)
    0x08000140   0x00000000   Code   RO          602    .ARM.Collect$$$$0000000D  mc_w.l(entry10a.o)
    0x08000140   0x00000000   Code   RO          604    .ARM.Collect$$$$0000000F  mc_w.l(entry11a.o)
    0x08000140   0x00000004   Code   RO          593    .ARM.Collect$$$$00002712  mc_w.l(entry2.o)
    0x08000144   0x00000024   Code   RO            4    .text               startup_stm32f10x_hd.o
    0x08000168   0x000002fc   Code   RO           10    .text               main.o
    0x08000464   0x000000d2   Code   RO           85    .text               pbdata.o
    0x08000536   0x00000002   PAD
    0x08000538   0x00000054   Code   RO          103    .text               stm32f10x_it.o
    0x0800058c   0x000004d0   Code   RO          118    .text               imu.o
    0x08000a5c   0x0000033c   Code   RO          134    .text               step_motor.o
    0x08000d98   0x000003c4   Code   RO          146    .text               bsp_spi_nrf.o
    0x0800115c   0x000001d0   Code   RO          161    .text               bsp_car.o
    0x0800132c   0x0000035c   Code   RO          173    .text               stm32f10x_gpio.o
    0x08001688   0x000003a4   Code   RO          185    .text               stm32f10x_rcc.o
    0x08001a2c   0x000000dc   Code   RO          199    .text               misc.o
    0x08001b08   0x00000408   Code   RO          235    .text               stm32f10x_usart.o
    0x08001f10   0x0000030c   Code   RO          247    .text               stm32f10x_spi_1.o
    0x0800221c   0x000001e0   Code   RO          285    .text               system_stm32f10x.o
    0x080023fc   0x000000b0   Code   RO          574    .text               mf_w.l(fadd.o)
    0x080024ac   0x00000064   Code   RO          576    .text               mf_w.l(fmul.o)
    0x08002510   0x0000007c   Code   RO          578    .text               mf_w.l(fdiv.o)
    0x0800258c   0x000000e4   Code   RO          580    .text               mf_w.l(dmul.o)
    0x08002670   0x00000012   Code   RO          582    .text               mf_w.l(fflti.o)
    0x08002682   0x00000026   Code   RO          584    .text               mf_w.l(f2d.o)
    0x080026a8   0x00000038   Code   RO          586    .text               mf_w.l(d2f.o)
    0x080026e0   0x00000014   Code   RO          588    .text               mf_w.l(cfcmple.o)
    0x080026f4   0x00000014   Code   RO          590    .text               mf_w.l(cfrcmple.o)
    0x08002708   0x0000002c   Code   RO          607    .text               mc_w.l(uidiv.o)
    0x08002734   0x00000062   Code   RO          609    .text               mc_w.l(uldiv.o)
    0x08002796   0x00000000   Code   RO          611    .text               mc_w.l(iusefp.o)
    0x08002796   0x0000006e   Code   RO          612    .text               mf_w.l(fepilogue.o)
    0x08002804   0x000000ba   Code   RO          614    .text               mf_w.l(depilogue.o)
    0x080028be   0x0000014e   Code   RO          616    .text               mf_w.l(dadd.o)
    0x08002a0c   0x000000de   Code   RO          618    .text               mf_w.l(ddiv.o)
    0x08002aea   0x00000030   Code   RO          620    .text               mf_w.l(dfixul.o)
    0x08002b1a   0x00000002   PAD
    0x08002b1c   0x00000030   Code   RO          622    .text               mf_w.l(cdrcmple.o)
    0x08002b4c   0x00000024   Code   RO          624    .text               mc_w.l(init.o)
    0x08002b70   0x0000001e   Code   RO          626    .text               mc_w.l(llshl.o)
    0x08002b8e   0x00000020   Code   RO          628    .text               mc_w.l(llushr.o)
    0x08002bae   0x00000024   Code   RO          630    .text               mc_w.l(llsshr.o)
    0x08002bd2   0x00000002   PAD
    0x08002bd4   0x00000020   Code   RO          546    i.__0printf         mc_w.l(printfa.o)
    0x08002bf4   0x0000000e   Code   RO          634    i.__scatterload_copy  mc_w.l(handlers.o)
    0x08002c02   0x00000002   Code   RO          635    i.__scatterload_null  mc_w.l(handlers.o)
    0x08002c04   0x0000000e   Code   RO          636    i.__scatterload_zeroinit  mc_w.l(handlers.o)
    0x08002c12   0x00000002   PAD
    0x08002c14   0x00000164   Code   RO          553    i._fp_digits        mc_w.l(printfa.o)
    0x08002d78   0x000006dc   Code   RO          554    i._printf_core      mc_w.l(printfa.o)
    0x08003454   0x00000024   Code   RO          555    i._printf_post_padding  mc_w.l(printfa.o)
    0x08003478   0x0000002e   Code   RO          556    i._printf_pre_padding  mc_w.l(printfa.o)
    0x080034a6   0x00000002   PAD
    0x080034a8   0x00000020   Data   RO          632    Region$$Table       anon$$obj.o


    Execution Region RW_IRAM1 (Base: 0x20000000, Size: 0x000004e8, Max: 0x00010000, ABSOLUTE)

    Base Addr    Size         Type   Attr      Idx    E Section Name        Object

    0x20000000   0x00000003   Data   RW           11    .data               main.o
    0x20000003   0x00000001   PAD
    0x20000004   0x00000045   Data   RW          120    .data               imu.o
    0x20000049   0x0000000c   Data   RW          147    .data               bsp_spi_nrf.o
    0x20000055   0x00000014   Data   RW          186    .data               stm32f10x_rcc.o
    0x20000069   0x00000003   PAD
    0x2000006c   0x00000014   Data   RW          286    .data               system_stm32f10x.o
    0x20000080   0x00000004   Data   RW          606    .data               mc_w.l(stdout.o)
    0x20000084   0x00000064   Zero   RW          119    .bss                imu.o
    0x200000e8   0x00000400   Zero   RW            1    STACK               startup_stm32f10x_hd.o


==============================================================================

Image component sizes


      Code (inc. data)   RO Data    RW Data    ZI Data      Debug   Object Name

       464          8          0          0          0       1139   bsp_car.o
       964         30          0         12          0       4236   bsp_spi_nrf.o
      1232         96          0         69        100       3322   imu.o
       764        186          0          3          0     242624   main.o
       220         22          0          0          0       1677   misc.o
       210          0          0          0          0        984   pbdata.o
        36          8        304          0       1024        792   startup_stm32f10x_hd.o
       828          4          0          0          0       1281   step_motor.o
       860         38          0          0          0       5525   stm32f10x_gpio.o
        84          6          0          0          0       2004   stm32f10x_it.o
       932         36          0         20          0       8652   stm32f10x_rcc.o
       780         14          0          0          0       6426   stm32f10x_spi_1.o
      1032         22          0          0          0       8244   stm32f10x_usart.o
       480         38          0         20          0       1703   system_stm32f10x.o

    ----------------------------------------------------------------------
      8888        508        336        128       1124     288609   Object Totals
         0          0         32          0          0          0   (incl. Generated)
         2          0          0          4          0          0   (incl. Padding)

    ----------------------------------------------------------------------

      Code (inc. data)   RO Data    RW Data    ZI Data      Debug   Library Member Name

         0          0          0          0          0          0   entry.o
         0          0          0          0          0          0   entry10a.o
         0          0          0          0          0          0   entry11a.o
         8          4          0          0          0          0   entry2.o
         4          0          0          0          0          0   entry5.o
         0          0          0          0          0          0   entry7b.o
         0          0          0          0          0          0   entry8b.o
         8          4          0          0          0          0   entry9a.o
        30          0          0          0          0          0   handlers.o
        36          8          0          0          0         68   init.o
         0          0          0          0          0          0   iusefp.o
        30          0          0          0          0         68   llshl.o
        36          0          0          0          0         68   llsshr.o
        32          0          0          0          0         68   llushr.o
      2226         90          0          0          0        444   printfa.o
         0          0          0          4          0          0   stdout.o
        44          0          0          0          0         80   uidiv.o
        98          0          0          0          0         92   uldiv.o
        48          0          0          0          0         68   cdrcmple.o
        20          0          0          0          0         68   cfcmple.o
        20          0          0          0          0         68   cfrcmple.o
        56          0          0          0          0         88   d2f.o
       334          0          0          0          0        148   dadd.o
       222          0          0          0          0        100   ddiv.o
       186          0          0          0          0        176   depilogue.o
        48          0          0          0          0         68   dfixul.o
       228          0          0          0          0         96   dmul.o
        38          0          0          0          0         68   f2d.o
       176          0          0          0          0        140   fadd.o
       124          0          0          0          0         88   fdiv.o
       110          0          0          0          0        168   fepilogue.o
        18          0          0          0          0         68   fflti.o
       100          0          0          0          0         76   fmul.o

    ----------------------------------------------------------------------
      4288        106          0          4          0       2376   Library Totals
         8          0          0          0          0          0   (incl. Padding)

    ----------------------------------------------------------------------

      Code (inc. data)   RO Data    RW Data    ZI Data      Debug   Library Name

      2552        106          0          4          0        888   mc_w.l
      1728          0          0          0          0       1488   mf_w.l

    ----------------------------------------------------------------------
      4288        106          0          4          0       2376   Library Totals

    ----------------------------------------------------------------------

==============================================================================


      Code (inc. data)   RO Data    RW Data    ZI Data      Debug   

     13176        614        336        132       1124     288797   Grand Totals
     13176        614        336        132       1124     288797   ELF Image Totals
     13176        614        336        132          0          0   ROM Totals

==============================================================================

    Total RO  Size (Code + RO Data)                13512 (  13.20kB)
    Total RW  Size (RW Data + ZI Data)              1256 (   1.23kB)
    Total ROM Size (Code + RO Data + RW Data)      13644 (  13.32kB)

==============================================================================

